<html>
<body>
<pre>
<h1>µVision Build Log</h1>
<h2>Tool Versions:</h2>
IDE-Version: µVision V5.36.0.0
Copyright (C) 2021 ARM Ltd and ARM Germany GmbH. All rights reserved.
License Information: Amirhossein Najafizadeh, AUT, LIC=----
 
Tool Versions:
Toolchain:       MDK-Lite  Version: 5.36.0.0
Toolchain Path:  E:\keli5\ARM\ARMCLANG\Bin
C Compiler:      ArmClang.exe V6.16
Assembler:       Armasm.exe V6.16
Linker/Locator:  ArmLink.exe V6.16
Library Manager: ArmAr.exe V6.16
Hex Converter:   FromElf.exe V6.16
CPU DLL:         SARMCM3.DLL V5.36.0.0
Dialog DLL:      DCM.DLL V1.17.3.0
Target DLL:      UL2CM3.DLL V1.164.0.0
Dialog DLL:      TCM.DLL V1.53.0.0
 
<h2>Project:</h2>
F:\Desktop\UniClasses\Sem5\Microprocessor\Lab\Lab10\blink.uvprojx
Project File Date:  12/26/2021

<h2>Output:</h2>
*** Using Compiler 'V6.16', folder: 'E:\keli5\ARM\ARMCLANG\Bin'
Rebuild target 'Target 1'
assembling blink.s...
RTE/Device/ATSAM3N4A/system_SAM3N.c(206): warning: 'EFC_FMR_Val' is not defined, evaluates to 0 [-Wundef]
#if (CHECK_RSVD((EFC_FMR_Val),  ~0x01000F01))
                 ^
RTE/Device/ATSAM3N4A/system_SAM3N.c(219): warning: 'CKGR_UCKR_Val' is not defined, evaluates to 0 [-Wundef]
#if (CHECK_RSVD((CKGR_UCKR_Val),  ~0x10F10000))
                 ^
RTE/Device/ATSAM3N4A/system_SAM3N.c(227): warning: 'CKGR_PLLAR_Val' is not defined, evaluates to 0 [-Wundef]
#if (CHECK_RSVD((CKGR_PLLAR_Val), ~0x27FFFFFF))
                 ^
RTE/Device/ATSAM3N4A/system_SAM3N.c(423): warning: implicit conversion changes signedness: 'int' to 'unsigned int' [-Wsign-conversion]
    PMC->PMC_MCKR = (PMC->PMC_MCKR & ~0x70) | (PMC_MCKR_Val & 0x70);
                                   ~ ^~~~~
RTE/Device/ATSAM3N4A/system_SAM3N.c(426): warning: implicit conversion changes signedness: 'int' to 'unsigned int' [-Wsign-conversion]
    PMC->PMC_MCKR = (PMC->PMC_MCKR & ~0x03) | (PMC_MCKR_Val & 0x03);
                                   ~ ^~~~~
5 warnings generated.
compiling system_SAM3N.c...
assembling startup_SAM3N.s...
linking...
Program Size: Code=512 RO-data=192 RW-data=0 ZI-data=1024  
FromELF: creating hex file...
".\Objects\blink.axf" - 0 Error(s), 5 Warning(s).

<h2>Software Packages used:</h2>

Package Vendor: ARM
                http://www.keil.com/pack/ARM.CMSIS.5.8.0.pack
                ARM.CMSIS.5.8.0
                CMSIS (Common Microcontroller Software Interface Standard)
   * Component: CORE Version: 5.5.0

Package Vendor: Microchip
                http://packs.download.atmel.com/Atmel.SAM3N_DFP.1.0.62.pack
                Atmel.SAM3N_DFP.1.0.62
                Atmel SAM3N Series Device Support
   * Component: Startup Version: 1.0.0

<h2>Collection of Component include folders:</h2>
  .\RTE\_Target_1
  E:\keli5-pack\ARM\CMSIS\5.8.0\CMSIS\Core\Include
  E:\keli5-pack\Atmel\SAM3N_DFP\1.0.62\include

<h2>Collection of Component Files used:</h2>

   * Component: ARM::CMSIS:CORE:5.5.0

   * Component: Microchip::Device:Startup:1.0.0
      Source file:   templates\main.c
      Source file:   armcc\Device\SAM3N\Source\ARM\startup_SAM3N.s
      Source file:   armcc\Device\SAM3N\Source\system_SAM3N.c
      Include file:  include\sam.h
      Source file:   templates\main.cpp
Build Time Elapsed:  00:00:02
</pre>
</body>
</html>
